// Jest Snapshot v1, https://goo.gl/fbAQLP

exports[`GreaseResultDataSourceService initialGreaseQuantity should return the data source item 1`] = `
Object {
  "prefix": "",
  "secondaryPrefix": "",
  "secondaryUnit": "mock_unit",
  "secondaryValue": 1234567.9,
  "title": "initialGreaseQuantity",
  "unit": "g",
  "value": 1234567.9,
}
`;

exports[`GreaseResultDataSourceService relubricationPer7days should rounded result with prefix for small values 1`] = `
Object {
  "prefix": "~",
  "secondaryPrefix": "~",
  "secondaryUnit": "mock_unit/7 days",
  "secondaryValue": 0.1,
  "title": "relubricationPer7days",
  "unit": "g/7 days",
  "value": 0.1,
}
`;

exports[`GreaseResultDataSourceService relubricationPer365Days should return the data source item 1`] = `
Object {
  "prefix": "",
  "secondaryPrefix": "",
  "secondaryUnit": "mock_unit/365 days",
  "secondaryValue": 450617279.9,
  "title": "relubricationPer365days",
  "tooltip": "relubricationQuantityPer365daysTooltip",
  "unit": "g/365 days",
  "value": 450617279.9,
}
`;

exports[`GreaseResultDataSourceService relubricationQuantityPer1000OperatingHours should return the data source item 1`] = `
Object {
  "prefix": "",
  "secondaryPrefix": "",
  "secondaryUnit": "mock_unit/hours",
  "secondaryValue": 51440328.8,
  "title": "relubricationQuantityPer1000OperatingHours",
  "unit": "g/hours",
  "value": 51440328.8,
}
`;
