// Jest Snapshot v1, https://goo.gl/fbAQLP

exports[`ResultSectionPipe transform should transform the result 1`] = `
Object {
  "greaseSelection": Object {
    "badgeClass": "bg-surface-container",
    "badgeSecondaryText": undefined,
    "badgeText": "~ 51440 days",
    "concept1": false,
    "extendable": true,
    "labelValues": Array [
      Object {
        "label": "calculationResult.greaseServiceLife",
        "labelHint": undefined,
        "value": "~ 51440 days",
      },
      Object {
        "label": "calculationResult.baseOilViscosityAt40",
        "labelHint": undefined,
        "value": "1234567.89 mock_unit",
      },
      Object {
        "label": "calculationResult.lowerTemperatureLimit",
        "labelHint": "calculationResult.lowerTemperatureLimitTooltip",
        "value": "1234567.89 mock_unit",
      },
      Object {
        "label": "calculationResult.upperTemperatureLimit",
        "labelHint": "calculationResult.upperTemperatureLimitTooltip",
        "value": "1234567.89 mock_unit",
      },
      Object {
        "label": "calculationResult.density",
        "labelHint": undefined,
        "value": "1234567.89 mock_unit",
      },
      Object {
        "label": "calculationResult.h1Registration",
        "labelHint": undefined,
        "value": "1234567.89",
      },
    ],
    "mainValue": "greaseServiceLife",
    "title": "greaseSelection",
  },
  "initialLubrication": Object {
    "badgeClass": "bg-surface-container",
    "badgeSecondaryText": "1234567.9 mock_unit",
    "badgeText": "1234567.9 g",
    "concept1": false,
    "extendable": false,
    "mainValue": "initialGreaseQuantity",
    "title": "initialLubrication",
  },
  "performance": Object {
    "badgeClass": "bg-error-container text-error",
    "badgeSecondaryText": undefined,
    "badgeText": "1234567.89",
    "concept1": false,
    "extendable": true,
    "labelValues": Array [
      Object {
        "label": "calculationResult.viscosityRatio",
        "labelHint": undefined,
        "value": "1234567.89",
      },
      Object {
        "label": "calculationResult.additiveRequired",
        "labelHint": "calculationResult.additiveRequiredTooltip",
        "value": "1234567.89",
      },
      Object {
        "label": "calculationResult.lowFriction",
        "labelHint": undefined,
        "value": "0 (suitable)",
      },
      Object {
        "label": "calculationResult.suitableForVibrations",
        "labelHint": undefined,
        "value": "0 (suitable)",
      },
      Object {
        "label": "calculationResult.supportForSeals",
        "labelHint": undefined,
        "value": "0 (suitable)",
      },
    ],
    "mainValue": "viscosityRatio",
    "title": "performance",
  },
  "relubrication": Object {
    "badgeClass": "bg-surface-container",
    "badgeSecondaryText": "51440328.7 mock_unit/hours",
    "badgeText": "51440328.7 g/hours",
    "concept1": true,
    "extendable": true,
    "labelValues": Array [
      Object {
        "label": "calculationResult.relubricationQuantityPer1000OperatingHours",
        "labelHint": undefined,
        "value": "<span>51440328.7 g/hours</span><br><span class=\\"text-low-emphasis\\">51440328.7 mock_unit/hours</span>",
      },
      Object {
        "label": "calculationResult.relubricationPer365days",
        "labelHint": "calculationResult.relubricationQuantityPer365daysTooltip",
        "value": "<span>450617279.8 g/365 days</span><br><span class=\\"text-low-emphasis\\">450617279.8 mock_unit/365 days</span>",
      },
      Object {
        "label": "calculationResult.relubricationPer30days",
        "labelHint": undefined,
        "value": "<span>37037036.7 g/30 days</span><br><span class=\\"text-low-emphasis\\">37037036.7 mock_unit/30 days</span>",
      },
    ],
    "mainValue": "relubricationQuantityPer1000OperatingHours",
    "title": "relubrication",
  },
}
`;
