// Jest Snapshot v1, https://goo.gl/fbAQLP

exports[`CalculationViewComponent should have breadcrumbs in the template 1`] = `
Array [
  Object {
    "label": "breadcrumbs.landingPage",
    "url": "home",
  },
  Object {
    "label": "breadcrumbs.calculation",
  },
]
`;
